// Jest Snapshot v1, https://goo.gl/fbAQLP

exports[`renders correctly 1`] = `
<div
  className="MuiPaper-root MuiPaper-elevation MuiPaper-rounded MuiPaper-elevation1 MuiCard-root css-qevyti-MuiPaper-root-MuiCard-root"
>
  <div
    className="MuiAvatar-root MuiAvatar-circular MuiAvatar-colorDefault css-8h65ya-MuiAvatar-root"
    style={
      Object {
        "float": "left",
        "marginRight": 10,
      }
    }
  >
    <svg
      aria-hidden={true}
      className="MuiSvgIcon-root MuiSvgIcon-fontSizeMedium MuiAvatar-fallback css-10mi8st-MuiSvgIcon-root-MuiAvatar-fallback"
      data-testid="PersonIcon"
      focusable="false"
      viewBox="0 0 24 24"
    >
      <path
        d="M12 12c2.21 0 4-1.79 4-4s-1.79-4-4-4-4 1.79-4 4 1.79 4 4 4zm0 2c-2.67 0-8 1.34-8 4v2h16v-2c0-2.66-5.33-4-8-4z"
      />
    </svg>
  </div>
  <div
    style={
      Object {
        "paddingLeft": 72,
        "width": "90%",
      }
    }
  >
    <h6
      className="MuiTypography-root MuiTypography-h6 css-2ulfj5-MuiTypography-root"
    >
      <a
        className="MuiTypography-root MuiTypography-inherit MuiLink-root MuiLink-underlineAlways css-1iwtne7-MuiTypography-root-MuiLink-root"
        href="/u/test"
        onBlur={[Function]}
        onClick={[Function]}
        onFocus={[Function]}
      >
        <b>
          Tester McTesterson
        </b>
        <span
          style={
            Object {
              "color": "#f17887",
              "margin": "0 20px",
            }
          }
        >
          @
          test
        </span>
        <span
          style={
            Object {
              "fontSize": "smaller",
            }
          }
        >
          just now
        </span>
      </a>
    </h6>
    <div
      onClick={[Function]}
    >
      <div
        className="post"
        style={
          Object {
            "cursor": "auto",
            "maxHeight": "inherit",
          }
        }
      >
        <p>
          hello world
        </p>
      </div>
      <div
        style={
          Object {
            "textAlign": "center",
            "width": "100%",
          }
        }
      />
    </div>
    <div />
  </div>
</div>
`;
