// Jest Snapshot v1, https://goo.gl/fbAQLP

exports[`renders correctly 1`] = `
<div
  className="MuiBox-root css-k008qs"
>
  <div
    className="MuiDrawer-root MuiDrawer-docked css-1o2n5ug-MuiDrawer-docked"
  >
    <div
      className="MuiPaper-root MuiPaper-elevation MuiPaper-elevation0 MuiDrawer-paper MuiDrawer-paperAnchorLeft MuiDrawer-paperAnchorDockedLeft css-15q07m6-MuiPaper-root-MuiDrawer-paper"
    >
      <div
        className="MuiToolbar-root MuiToolbar-gutters MuiToolbar-regular css-1t29gy6-MuiToolbar-root"
      />
      <hr
        className="MuiDivider-root MuiDivider-fullWidth css-9mgopn-MuiDivider-root"
      />
      <ul
        className="MuiList-root MuiList-padding css-h4y409-MuiList-root"
      >
        <div
          className="MuiButtonBase-root MuiListItem-root MuiListItem-gutters MuiListItem-padding MuiListItem-button css-p5wds0-MuiButtonBase-root-MuiListItem-root"
          onBlur={[Function]}
          onClick={[Function]}
          onContextMenu={[Function]}
          onDragLeave={[Function]}
          onFocus={[Function]}
          onKeyDown={[Function]}
          onKeyUp={[Function]}
          onMouseDown={[Function]}
          onMouseLeave={[Function]}
          onMouseUp={[Function]}
          onTouchEnd={[Function]}
          onTouchMove={[Function]}
          onTouchStart={[Function]}
          role="button"
          tabIndex={0}
        >
          <div
            className="MuiListItemIcon-root css-19g8jym-MuiListItemIcon-root"
          >
            <svg
              aria-hidden={true}
              className="MuiSvgIcon-root MuiSvgIcon-fontSizeMedium css-1jxdcj3-MuiSvgIcon-root"
              data-testid="HomeIcon"
              focusable="false"
              viewBox="0 0 24 24"
            >
              <path
                d="M10 20v-6h4v6h5v-8h3L12 3 2 12h3v8z"
              />
            </svg>
          </div>
          <div
            className="MuiListItemText-root css-tlelie-MuiListItemText-root"
          >
            <span
              className="MuiTypography-root MuiTypography-body1 MuiListItemText-primary css-5kyoyc-MuiTypography-root"
            >
              Home
            </span>
          </div>
        </div>
        <div>
          <div
            className="MuiButtonBase-root MuiListItem-root MuiListItem-gutters MuiListItem-padding MuiListItem-button css-p5wds0-MuiButtonBase-root-MuiListItem-root"
            onBlur={[Function]}
            onClick={[Function]}
            onContextMenu={[Function]}
            onDragLeave={[Function]}
            onFocus={[Function]}
            onKeyDown={[Function]}
            onKeyUp={[Function]}
            onMouseDown={[Function]}
            onMouseLeave={[Function]}
            onMouseUp={[Function]}
            onTouchEnd={[Function]}
            onTouchMove={[Function]}
            onTouchStart={[Function]}
            role="button"
            tabIndex={0}
          >
            <div
              className="MuiListItemIcon-root css-19g8jym-MuiListItemIcon-root"
            >
              <svg
                aria-hidden={true}
                className="MuiSvgIcon-root MuiSvgIcon-fontSizeMedium css-1jxdcj3-MuiSvgIcon-root"
                data-testid="LoginIcon"
                focusable="false"
                viewBox="0 0 24 24"
              >
                <path
                  d="M11 7 9.6 8.4l2.6 2.6H2v2h10.2l-2.6 2.6L11 17l5-5-5-5zm9 12h-8v2h8c1.1 0 2-.9 2-2V5c0-1.1-.9-2-2-2h-8v2h8v14z"
                />
              </svg>
            </div>
            <div
              className="MuiListItemText-root css-tlelie-MuiListItemText-root"
            >
              <span
                className="MuiTypography-root MuiTypography-body1 MuiListItemText-primary css-5kyoyc-MuiTypography-root"
              >
                Login
              </span>
            </div>
          </div>
          <div
            className="MuiButtonBase-root MuiListItem-root MuiListItem-gutters MuiListItem-padding MuiListItem-button css-p5wds0-MuiButtonBase-root-MuiListItem-root"
            onBlur={[Function]}
            onClick={[Function]}
            onContextMenu={[Function]}
            onDragLeave={[Function]}
            onFocus={[Function]}
            onKeyDown={[Function]}
            onKeyUp={[Function]}
            onMouseDown={[Function]}
            onMouseLeave={[Function]}
            onMouseUp={[Function]}
            onTouchEnd={[Function]}
            onTouchMove={[Function]}
            onTouchStart={[Function]}
            role="button"
            tabIndex={0}
          >
            <div
              className="MuiListItemIcon-root css-19g8jym-MuiListItemIcon-root"
            >
              <svg
                aria-hidden={true}
                className="MuiSvgIcon-root MuiSvgIcon-fontSizeMedium css-1jxdcj3-MuiSvgIcon-root"
                data-testid="FollowTheSignsIcon"
                focusable="false"
                viewBox="0 0 24 24"
              >
                <path
                  d="M9.5 5.5c1.1 0 2-.9 2-2s-.9-2-2-2-2 .9-2 2 .9 2 2 2zM5.75 8.9 3 23h2.1l1.75-8L9 17v6h2v-7.55L8.95 13.4l.6-3C10.85 12 12.8 13 15 13v-2c-1.85 0-3.45-1-4.35-2.45l-.95-1.6C9.35 6.35 8.7 6 8 6c-.25 0-.5.05-.75.15L2 8.3V13h2V9.65l1.75-.75M13 2v7h3.75v14h1.5V9H22V2h-9zm5.01 6V6.25H14.5v-1.5h3.51V3l2.49 2.5L18.01 8z"
                />
              </svg>
            </div>
            <div
              className="MuiListItemText-root css-tlelie-MuiListItemText-root"
            >
              <span
                className="MuiTypography-root MuiTypography-body1 MuiListItemText-primary css-5kyoyc-MuiTypography-root"
              >
                Signup
              </span>
            </div>
          </div>
        </div>
      </ul>
    </div>
  </div>
  <main
    className="MuiBox-root css-1kxwji3"
  />
</div>
`;
